#
default 0
timeout 10

foreground eeeeee
background 333333

splashimage=/boot/grub/splash.xpm.gz

## BEGIN NVIDIA ##

title  XBMCLive - NVIDIA GPU
kernel /live/vmlinuz boot=live vga=788 xbmc=autostart,tempfs,nodiskmount,setvolume splash quiet loglevel=0 module=nvidia persistent quickreboot quickusbmodules skipconfig union=aufs
initrd /live/initrd.img
quiet
boot

title  XBMCLive - NVIDIA GPU, SAFE MODE
kernel /live/vmlinuz boot=live vga=788 xbmc=tempfs,nodiskmount,setvolume quiet loglevel=0 module=nvidia persistent quickreboot quickusbmodules skipconfig union=aufs
initrd /live/initrd.img
quiet
boot

## END NVIDIA ##

## BEGIN AMD ##

title  XBMCLive - ATI/AMD GPU
kernel /live/vmlinuz boot=live vga=788 xbmc=autostart,tempfs,nodiskmount,setvolume splash quiet loglevel=0 module=amd persistent quickreboot quickusbmodules skipconfig union=aufs
initrd /live/initrd.img
quiet
boot

title  XBMCLive - ATI/AMD GPU, SAFE MODE
kernel /live/vmlinuz boot=live vga=788 xbmc=tempfs,nodiskmount,setvolume quiet loglevel=0 module=amd persistent quickreboot quickusbmodules skipconfig union=aufs
initrd /live/initrd.img
quiet
boot

## END AMD ##

## BEGIN INTEL ##

title  XBMCLive - Intel GPU
kernel /live/vmlinuz boot=live vga=788 xbmc=autostart,tempfs,nodiskmount,setvolume splash quiet loglevel=0 persistent quickreboot quickusbmodules skipconfig union=aufs
initrd /live/initrd.img
quiet
boot

title  XBMCLive - Intel GPU, SAFE MODE
kernel /live/vmlinuz boot=live vga=788 xbmc=tempfs,nodiskmount,setvolume quiet loglevel=0 persistent quickreboot quickusbmodules skipconfig union=aufs
initrd /live/initrd.img
quiet
boot

## END INTEL ##

title  ---
root

## BEGIN INSTALLER ##

title  Install XBMCLive to Hard Disk
kernel /install/vmlinuz vga=normal quiet preseed/file=/cdrom/install/preseed.cfg cdrom-detect/try-usb=true priority=critical -- 
initrd /install/initrd.gz
quiet
boot

title  ---
root

## END INSTALLER ##

title Boot Operating System on Hard Disk
root (hd0)
savedefault
makeactive
chainloader +1
quiet
boot

title Memory test (memtest86+)
kernel /live/memtest   
quiet
boot
